"ffx.apply#0(<fn double>, 5)"	"value Int(20)"
"ffx.apply#1(<fn broken>, 5)"	"error ffx.apply: panic: Nomi callback failed: callback broke — the Go callback type func(int64) int64 has no error return, so the failure has nowhere to go; declare it as func(...) (T, error) to receive Nomi failures"
"ffx.attempt#0(<fn length>, \"four\")"	"value results.Result/4.Ok{0=Int(5)}"
"ffx.attempt#1(<fn length>, \"\")"	"value results.Result/4.Err{0=String(\"attempt: empty\")}"
"ffx.attempt#2(<fn broken>, \"x\")"	"value results.Result/4.Err{0=String(\"attempt: callback broke\")}"
"ffx.biggest#0()"	"error marshal uint64: value 18446744073709551615 overflows int64"
"ffx.box_value#0(<Box>)"	"value Int(41)"
"ffx.check#0(<fn ordered>, Point{x: 1, y: 2})"	"value Bool(false)"
"ffx.check#1(<fn ordered>, Point{x: 2, y: 2})"	"value Bool(true)"
"ffx.check#2(<fn broken>, Point{x: 0, y: 0})"	"error ffx.check: panic: Nomi callback failed: callback broke — the Go callback type func(fixture.Point) bool has no error return, so the failure has nowhere to go; declare it as func(...) (T, error) to receive Nomi failures"
"ffx.echo#0(Tagged{at: Instant(1700000000000000000), label: \"n\", near: Some(Point{x: 1, y: 2}), ratio: 1.5, raw: <<114, 97, 119>>, small: 5, tags: [\"a\", \"b\"], wait: Duration(3000000000), wide: 7, x: 1, y: 2})"	"value ffx.Tagged/1{at=instant.Instant/5{0=Int(1700000003000000000)}, label=String(\"n!\"), near=maybe.Maybe/4.Some{0=ffx.Point/1{x=Int(2), y=Int(2)}}, ratio=Float(0x4008000000000000), raw=Bytes(\"raw\"), small=Int(-5), tags=[String(\"a\"), String(\"b\"), String(\"echoed\")], wait=duration.Duration/5{0=Int(3000000000)}, wide=Int(8), x=Int(1), y=Int(2)}"
"ffx.echo#1(Tagged{at: Instant(0), label: \"\", near: None, ratio: -Inf, raw: <<>>, small: -128, tags: [\"a\", \"b\"], wait: Duration(-1), wide: 0, x: 1, y: 2})"	"value ffx.Tagged/1{at=instant.Instant/5{0=Int(-1)}, label=String(\"!\"), near=maybe.Maybe/4.None{}, ratio=Float(0xfff0000000000000), raw=Bytes(\"\"), small=Int(-128), tags=[String(\"a\"), String(\"b\"), String(\"echoed\")], wait=duration.Duration/5{0=Int(-1)}, wide=Int(1), x=Int(1), y=Int(2)}"
"ffx.echo#2(Tagged{at: Instant(0), label: \"x\", near: None, ratio: 0.0, raw: <<>>, small: 200, tags: [\"a\", \"b\"], wait: Duration(0), wide: 7, x: 1, y: 2})"	"error ffx.echo: arg 0: field \"small\": unmarshal to int8: value 200 overflows"
"ffx.echo#3(Tagged{at: Instant(0), label: \"x\", near: None, ratio: 0.0, raw: <<>>, small: 1, tags: [\"a\", \"b\"], wait: Duration(0), wide: -1, x: 1, y: 2})"	"error ffx.echo: arg 0: field \"wide\": unmarshal to uint32: value -1 overflows"
"ffx.echo#4(Tagged{at: Instant(0), label: \"x\", near: None, ratio: 1.0e39, raw: <<>>, small: 1, tags: [\"a\", \"b\"], wait: Duration(0), wide: 1, x: 1, y: 2})"	"error ffx.echo: arg 0: field \"ratio\": unmarshal to float32: value 1e+39 overflows"
"ffx.flip#0(0)"	"value Byte(255)"
"ffx.flip#1(170)"	"value Byte(85)"
"ffx.halve#0(3.0)"	"value Float(0x3ff8000000000000)"
"ffx.halve#1(NaN)"	"value Float(NaN)"
"ffx.halve#2(-1.0e39)"	"error ffx.halve: arg 0: unmarshal to float32: value -1e+39 overflows"
"ffx.halve#3(-0.0)"	"value Float(0x8000000000000000)"
"ffx.later#0(Instant(0), Duration(1))"	"value instant.Instant/5{0=Int(1)}"
"ffx.later#1(Instant(1700000000000000000), Duration(-5))"	"value instant.Instant/5{0=Int(1699999999999999995)}"
"ffx.later#2(Instant(9223372036854775807), Duration(1))"	"error marshal time.Time: 2262-04-11T23:47:16.854775808Z is outside Instant's representable range (1677-09-21T00:12:43Z .. 2262-04-11T23:47:16Z); UnixNano would wrap silently and name a different moment"
"ffx.mirror#0(Some(Point{x: 3, y: 4}))"	"value maybe.Maybe/4.Some{0=ffx.Point/1{x=Int(4), y=Int(3)}}"
"ffx.mirror#1(None)"	"value maybe.Maybe/4.None{}"
"ffx.narrow#0(1, 2, 3, 4, 5, 6, 7, 8)"	"value Int(36)"
"ffx.narrow#1(-128, -32768, -2147483648, -4611686018427387904, 0, 65535, 4294967295, 4611686018427387903)"	"value Int(2147516285)"
"ffx.narrow#2(128, 0, 0, 0, 0, 0, 0, 0)"	"error ffx.narrow: arg 0: unmarshal to int8: value 128 overflows"
"ffx.narrow#3(0, 0, 0, 0, -1, 0, 0, 0)"	"error ffx.narrow: arg 4: unmarshal to uint: value -1 overflows"
"ffx.narrow#4(0, 0, 0, 0, 0, 65536, 0, 0)"	"error ffx.narrow: arg 5: unmarshal to uint16: value 65536 overflows"
"ffx.negate#0(True)"	"value Bool(false)"
"ffx.negate#1(False)"	"value Bool(true)"
"ffx.new_box#0(1)"	"value Handle(ffx.Box *fixture.Box)"
"ffx.nothing#0()"	"value Unit"
"ffx.nothing_or_fail#0(False)"	"value results.Result/4.Ok{0=Unit}"
"ffx.nothing_or_fail#1(True)"	"value results.Result/4.Err{0=String(\"asked to fail\")}"
"ffx.octets#0(<<0, 1, 254>>)"	"value Bytes(\"\\xff\\x02\\x01\")"
"ffx.octets#1(<<>>)"	"value Bytes(\"\")"
"ffx.points#0(0)"	"value []"
"ffx.points#1(3)"	"value [ffx.Point/1{x=Int(0), y=Int(0)}, ffx.Point/1{x=Int(1), y=Int(1)}, ffx.Point/1{x=Int(2), y=Int(4)}]"
"ffx.query#0(\"/p\", [\"apple\", \"avocado\", \"bean\", \"\"])"	"value ffx.Query/1{params={String(\"a\") => [String(\"apple\"), String(\"avocado\")], String(\"b\") => [String(\"bean\")]}, path=String(\"/p\")}"
"ffx.query#1(\"\", [])"	"value ffx.Query/1{params={}, path=String(\"\")}"
"ffx.run#0(<fn succeed>)"	"value results.Result/4.Ok{0=Unit}"
"ffx.run#1(<fn refuse>)"	"value results.Result/4.Err{0=String(\"nope\")}"
"ffx.run#2(<fn broken>)"	"value results.Result/4.Err{0=String(\"callback broke\")}"
"ffx.shout#0(\"hi\")"	"value String(\"hi!\")"
"ffx.shout#1(\"\")"	"value String(\"!\")"
"ffx.sizes#0({\"a\" => [\"x\", \"y\"], \"b\" => []})"	"value {String(\"a\") => Int(2), String(\"b\") => Int(0)}"
"ffx.sizes#1({=>})"	"value {}"
"ffx.sizes#2({\"a\" => 1})"	"error ffx.sizes: arg 0: value 0: expected List, got int64"
"ffx.triple#0(7)"	"value /3{0=Int(21), 1=String(\"7\"), 2=Bool(false)}"
"ffx.triple#1(-2)"	"value /3{0=Int(-6), 1=String(\"-2\"), 2=Bool(true)}"
"ffx.triple_or_fail#0(7)"	"value results.Result/4.Ok{0=/3{0=Int(21), 1=String(\"7\")}}"
"ffx.triple_or_fail#1(-1)"	"value results.Result/4.Err{0=String(\"negative\")}"
"ffx.visit#0(<fn ignore>, 3)"	"value Unit"
"ffx.visit#1(<fn broken>, 2)"	"error ffx.visit: panic: Nomi callback failed: callback broke — the Go callback type func(int64) has no error return, so the failure has nowhere to go; declare it as func(...) (T, error) to receive Nomi failures"
"ffx.zero_time#0()"	"error marshal time.Time: 0001-01-01T00:00:00Z is outside Instant's representable range (1677-09-21T00:12:43Z .. 2262-04-11T23:47:16Z); UnixNano would wrap silently and name a different moment"
