"bytes.Bytes.from_list#0([])"	"value Bytes(\"\")"
"bytes.Bytes.from_list#1([1, 255])"	"value Bytes(\"\\x01\\xff\")"
"bytes.Bytes.hash#0(<<>>)"	"value Int(-3750763034362895579)"
"bytes.Bytes.hash#1(<<97, 98>>)"	"value Int(620445648566982762)"
"bytes.Bytes.hash#2(<<97, 98, 255>>)"	"value Int(-1792381966696168145)"
"bytes.Bytes.to_list#0(<<>>)"	"value []"
"bytes.Bytes.to_list#1(<<97, 98, 255>>)"	"value [Byte(97), Byte(98), Byte(255)]"
"decimal.Decimal.divide#0(1.50, 3, 2, HalfEven)"	"value Decimal(0.50)"
"decimal.Decimal.divide#1(1.50, 3, 2, HalfUp)"	"value Decimal(0.50)"
"decimal.Decimal.divide#2(1.50, 3, 2, Down)"	"value Decimal(0.50)"
"decimal.Decimal.divide#3(1.50, 3, 2, Floor)"	"value Decimal(0.50)"
"decimal.Decimal.divide#4(1.50, 3, 2, Ceiling)"	"value Decimal(0.50)"
"decimal.Decimal.divide#5(1.50, 3, 2, Up)"	"value Decimal(0.50)"
"decimal.Decimal.divide#6(1.50, 3, 2, Unnecessary)"	"value Decimal(0.50)"
"decimal.Decimal.divide#7(1.50, 0, 2, HalfEven)"	"fault Decimal.divide: decimal: division by zero"
"decimal.Decimal.divide#8(-0.001, 3, 2, HalfEven)"	"value Decimal(0.00)"
"decimal.Decimal.divide#9(-0.001, 3, 2, HalfUp)"	"value Decimal(0.00)"
"decimal.Decimal.divide#10(-0.001, 3, 2, Down)"	"value Decimal(0.00)"
"decimal.Decimal.divide#11(-0.001, 3, 2, Floor)"	"value Decimal(-0.01)"
"decimal.Decimal.divide#12(-0.001, 3, 2, Ceiling)"	"value Decimal(0.00)"
"decimal.Decimal.divide#13(-0.001, 3, 2, Up)"	"value Decimal(-0.01)"
"decimal.Decimal.divide#14(-0.001, 3, 2, Unnecessary)"	"fault Decimal.divide: decimal: division of -0.001 by 3 is not exact at scale 2 but mode is Unnecessary"
"decimal.Decimal.divide#15(-0.001, 0, 2, HalfEven)"	"fault Decimal.divide: decimal: division by zero"
"decimal.Decimal.divide#16(42, 3, 2, HalfEven)"	"value Decimal(14.00)"
"decimal.Decimal.divide#17(42, 3, 2, HalfUp)"	"value Decimal(14.00)"
"decimal.Decimal.divide#18(42, 3, 2, Down)"	"value Decimal(14.00)"
"decimal.Decimal.divide#19(42, 3, 2, Floor)"	"value Decimal(14.00)"
"decimal.Decimal.divide#20(42, 3, 2, Ceiling)"	"value Decimal(14.00)"
"decimal.Decimal.divide#21(42, 3, 2, Up)"	"value Decimal(14.00)"
"decimal.Decimal.divide#22(42, 3, 2, Unnecessary)"	"value Decimal(14.00)"
"decimal.Decimal.divide#23(42, 0, 2, HalfEven)"	"fault Decimal.divide: decimal: division by zero"
"decimal.Decimal.divide#24(123456789012345678901234.5, 3, 2, HalfEven)"	"value Decimal(41152263004115226300411.50)"
"decimal.Decimal.divide#25(123456789012345678901234.5, 3, 2, HalfUp)"	"value Decimal(41152263004115226300411.50)"
"decimal.Decimal.divide#26(123456789012345678901234.5, 3, 2, Down)"	"value Decimal(41152263004115226300411.50)"
"decimal.Decimal.divide#27(123456789012345678901234.5, 3, 2, Floor)"	"value Decimal(41152263004115226300411.50)"
"decimal.Decimal.divide#28(123456789012345678901234.5, 3, 2, Ceiling)"	"value Decimal(41152263004115226300411.50)"
"decimal.Decimal.divide#29(123456789012345678901234.5, 3, 2, Up)"	"value Decimal(41152263004115226300411.50)"
"decimal.Decimal.divide#30(123456789012345678901234.5, 3, 2, Unnecessary)"	"value Decimal(41152263004115226300411.50)"
"decimal.Decimal.divide#31(123456789012345678901234.5, 0, 2, HalfEven)"	"fault Decimal.divide: decimal: division by zero"
"decimal.Decimal.divide#32(0, 3, 2, HalfEven)"	"value Decimal(0.00)"
"decimal.Decimal.divide#33(0, 3, 2, HalfUp)"	"value Decimal(0.00)"
"decimal.Decimal.divide#34(0, 3, 2, Down)"	"value Decimal(0.00)"
"decimal.Decimal.divide#35(0, 3, 2, Floor)"	"value Decimal(0.00)"
"decimal.Decimal.divide#36(0, 3, 2, Ceiling)"	"value Decimal(0.00)"
"decimal.Decimal.divide#37(0, 3, 2, Up)"	"value Decimal(0.00)"
"decimal.Decimal.divide#38(0, 3, 2, Unnecessary)"	"value Decimal(0.00)"
"decimal.Decimal.divide#39(0, 0, 2, HalfEven)"	"fault Decimal.divide: decimal: division by zero"
"decimal.Decimal.from_float#0(0.1, 2, HalfEven)"	"value maybe.Maybe/4.Some{0=Decimal(0.10)}"
"decimal.Decimal.from_float#1(0.1, 2, Floor)"	"value maybe.Maybe/4.Some{0=Decimal(0.10)}"
"decimal.Decimal.from_float#2(0.1, 2, Unnecessary)"	"fault Decimal.from_float: decimal: rounding necessary to reach scale 2 but mode is Unnecessary"
"decimal.Decimal.from_float#3(3.14159, 2, HalfEven)"	"value maybe.Maybe/4.Some{0=Decimal(3.14)}"
"decimal.Decimal.from_float#4(3.14159, 2, Floor)"	"value maybe.Maybe/4.Some{0=Decimal(3.14)}"
"decimal.Decimal.from_float#5(3.14159, 2, Unnecessary)"	"fault Decimal.from_float: decimal: rounding necessary to reach scale 2 but mode is Unnecessary"
"decimal.Decimal.from_float#6(-2.5, 2, HalfEven)"	"value maybe.Maybe/4.Some{0=Decimal(-2.50)}"
"decimal.Decimal.from_float#7(-2.5, 2, Floor)"	"value maybe.Maybe/4.Some{0=Decimal(-2.50)}"
"decimal.Decimal.from_float#8(-2.5, 2, Unnecessary)"	"value maybe.Maybe/4.Some{0=Decimal(-2.50)}"
"decimal.Decimal.from_float#9(NaN, 2, HalfEven)"	"value maybe.Maybe/4.None{}"
"decimal.Decimal.from_float#10(NaN, 2, Floor)"	"value maybe.Maybe/4.None{}"
"decimal.Decimal.from_float#11(NaN, 2, Unnecessary)"	"value maybe.Maybe/4.None{}"
"decimal.Decimal.from_float#12(+Inf, 2, HalfEven)"	"value maybe.Maybe/4.None{}"
"decimal.Decimal.from_float#13(+Inf, 2, Floor)"	"value maybe.Maybe/4.None{}"
"decimal.Decimal.from_float#14(+Inf, 2, Unnecessary)"	"value maybe.Maybe/4.None{}"
"decimal.Decimal.from_float#15(1.0e300, 2, HalfEven)"	"value maybe.Maybe/4.Some{0=Decimal(1000000000000000052504760255204420248704468581108159154915854115511802457988908195786371375080447864043704443832883878176942523235360430575644792184786706982848387200926575803737830233794788090059368953234970799945081119038967640880074652742780142494579258788820056842838115669472196386865459400540160.00)}"
"decimal.Decimal.from_float#16(1.0e300, 2, Floor)"	"value maybe.Maybe/4.Some{0=Decimal(1000000000000000052504760255204420248704468581108159154915854115511802457988908195786371375080447864043704443832883878176942523235360430575644792184786706982848387200926575803737830233794788090059368953234970799945081119038967640880074652742780142494579258788820056842838115669472196386865459400540160.00)}"
"decimal.Decimal.from_float#17(1.0e300, 2, Unnecessary)"	"value maybe.Maybe/4.Some{0=Decimal(1000000000000000052504760255204420248704468581108159154915854115511802457988908195786371375080447864043704443832883878176942523235360430575644792184786706982848387200926575803737830233794788090059368953234970799945081119038967640880074652742780142494579258788820056842838115669472196386865459400540160.00)}"
"decimal.Decimal.from_int#0(0)"	"value Decimal(0)"
"decimal.Decimal.from_int#1(-5)"	"value Decimal(-5)"
"decimal.Decimal.from_int#2(9223372036854775807)"	"value Decimal(9223372036854775807)"
"decimal.Decimal.from_int#3(-9223372036854775808)"	"value Decimal(-9223372036854775808)"
"decimal.Decimal.from_string#0(\"1.50\")"	"value maybe.Maybe/4.Some{0=Decimal(1.50)}"
"decimal.Decimal.from_string#1(\"abc\")"	"value maybe.Maybe/4.None{}"
"decimal.Decimal.from_string#2(\"-0.001\")"	"value maybe.Maybe/4.Some{0=Decimal(-0.001)}"
"decimal.Decimal.from_string#3(\"\")"	"value maybe.Maybe/4.None{}"
"decimal.Decimal.from_string#4(\"1e5\")"	"value maybe.Maybe/4.None{}"
"decimal.Decimal.from_string#5(\" 2\")"	"value maybe.Maybe/4.None{}"
"decimal.Decimal.normalize#0(1.50)"	"value Decimal(1.5)"
"decimal.Decimal.normalize#1(-0.001)"	"value Decimal(-0.001)"
"decimal.Decimal.normalize#2(42)"	"value Decimal(42)"
"decimal.Decimal.normalize#3(123456789012345678901234.5)"	"value Decimal(123456789012345678901234.5)"
"decimal.Decimal.normalize#4(0)"	"value Decimal(0)"
"decimal.Decimal.round#0(1.50, 1, HalfEven)"	"value Decimal(1.5)"
"decimal.Decimal.round#1(1.50, 1, HalfUp)"	"value Decimal(1.5)"
"decimal.Decimal.round#2(1.50, 1, Down)"	"value Decimal(1.5)"
"decimal.Decimal.round#3(1.50, 1, Floor)"	"value Decimal(1.5)"
"decimal.Decimal.round#4(1.50, 1, Ceiling)"	"value Decimal(1.5)"
"decimal.Decimal.round#5(1.50, 1, Up)"	"value Decimal(1.5)"
"decimal.Decimal.round#6(1.50, 1, Unnecessary)"	"value Decimal(1.5)"
"decimal.Decimal.round#7(-0.001, 1, HalfEven)"	"value Decimal(0.0)"
"decimal.Decimal.round#8(-0.001, 1, HalfUp)"	"value Decimal(0.0)"
"decimal.Decimal.round#9(-0.001, 1, Down)"	"value Decimal(0.0)"
"decimal.Decimal.round#10(-0.001, 1, Floor)"	"value Decimal(-0.1)"
"decimal.Decimal.round#11(-0.001, 1, Ceiling)"	"value Decimal(0.0)"
"decimal.Decimal.round#12(-0.001, 1, Up)"	"value Decimal(-0.1)"
"decimal.Decimal.round#13(-0.001, 1, Unnecessary)"	"fault Decimal.round: decimal: rounding necessary to reach scale 1 but mode is Unnecessary"
"decimal.Decimal.round#14(42, 1, HalfEven)"	"value Decimal(42.0)"
"decimal.Decimal.round#15(42, 1, HalfUp)"	"value Decimal(42.0)"
"decimal.Decimal.round#16(42, 1, Down)"	"value Decimal(42.0)"
"decimal.Decimal.round#17(42, 1, Floor)"	"value Decimal(42.0)"
"decimal.Decimal.round#18(42, 1, Ceiling)"	"value Decimal(42.0)"
"decimal.Decimal.round#19(42, 1, Up)"	"value Decimal(42.0)"
"decimal.Decimal.round#20(42, 1, Unnecessary)"	"value Decimal(42.0)"
"decimal.Decimal.round#21(123456789012345678901234.5, 1, HalfEven)"	"value Decimal(123456789012345678901234.5)"
"decimal.Decimal.round#22(123456789012345678901234.5, 1, HalfUp)"	"value Decimal(123456789012345678901234.5)"
"decimal.Decimal.round#23(123456789012345678901234.5, 1, Down)"	"value Decimal(123456789012345678901234.5)"
"decimal.Decimal.round#24(123456789012345678901234.5, 1, Floor)"	"value Decimal(123456789012345678901234.5)"
"decimal.Decimal.round#25(123456789012345678901234.5, 1, Ceiling)"	"value Decimal(123456789012345678901234.5)"
"decimal.Decimal.round#26(123456789012345678901234.5, 1, Up)"	"value Decimal(123456789012345678901234.5)"
"decimal.Decimal.round#27(123456789012345678901234.5, 1, Unnecessary)"	"value Decimal(123456789012345678901234.5)"
"decimal.Decimal.round#28(0, 1, HalfEven)"	"value Decimal(0.0)"
"decimal.Decimal.round#29(0, 1, HalfUp)"	"value Decimal(0.0)"
"decimal.Decimal.round#30(0, 1, Down)"	"value Decimal(0.0)"
"decimal.Decimal.round#31(0, 1, Floor)"	"value Decimal(0.0)"
"decimal.Decimal.round#32(0, 1, Ceiling)"	"value Decimal(0.0)"
"decimal.Decimal.round#33(0, 1, Up)"	"value Decimal(0.0)"
"decimal.Decimal.round#34(0, 1, Unnecessary)"	"value Decimal(0.0)"
"decimal.Decimal.scale#0(1.50)"	"value Int(2)"
"decimal.Decimal.scale#1(-0.001)"	"value Int(3)"
"decimal.Decimal.scale#2(42)"	"value Int(0)"
"decimal.Decimal.scale#3(123456789012345678901234.5)"	"value Int(1)"
"decimal.Decimal.scale#4(0)"	"value Int(0)"
"decimal.Decimal.to_float#0(1.50)"	"value Float(0x3ff8000000000000)"
"decimal.Decimal.to_float#1(-0.001)"	"value Float(0xbf50624dd2f1a9fc)"
"decimal.Decimal.to_float#2(42)"	"value Float(0x4045000000000000)"
"decimal.Decimal.to_float#3(123456789012345678901234.5)"	"value Float(0x44ba249b1f10a06d)"
"decimal.Decimal.to_float#4(0)"	"value Float(0x0)"
"decimal.Decimal.to_int#0(1.50)"	"value maybe.Maybe/4.Some{0=Int(1)}"
"decimal.Decimal.to_int#1(-0.001)"	"value maybe.Maybe/4.Some{0=Int(0)}"
"decimal.Decimal.to_int#2(42)"	"value maybe.Maybe/4.Some{0=Int(42)}"
"decimal.Decimal.to_int#3(123456789012345678901234.5)"	"value maybe.Maybe/4.None{}"
"decimal.Decimal.to_int#4(0)"	"value maybe.Maybe/4.Some{0=Int(0)}"
"dynamic.Dynamic.as_bool#0(<dynamic: map[string]interface {}>)"	"value results.Result/4.Err{0=dynamic.DecodeError/1{expected=String(\"Bool\"), got=String(\"Dict\"), path=[]}}"
"dynamic.Dynamic.as_bool#1(<dynamic: string>)"	"value results.Result/4.Err{0=dynamic.DecodeError/1{expected=String(\"Bool\"), got=String(\"String\"), path=[]}}"
"dynamic.Dynamic.as_bool#2(<dynamic: int64>)"	"value results.Result/4.Err{0=dynamic.DecodeError/1{expected=String(\"Bool\"), got=String(\"Int\"), path=[]}}"
"dynamic.Dynamic.as_bool#3(<dynamic: float64>)"	"value results.Result/4.Err{0=dynamic.DecodeError/1{expected=String(\"Bool\"), got=String(\"Float\"), path=[]}}"
"dynamic.Dynamic.as_bool#4(<dynamic: float64>)"	"value results.Result/4.Err{0=dynamic.DecodeError/1{expected=String(\"Bool\"), got=String(\"Float\"), path=[]}}"
"dynamic.Dynamic.as_bool#5(<dynamic: bool>)"	"value results.Result/4.Ok{0=Bool(false)}"
"dynamic.Dynamic.as_bool#6(<dynamic: <nil>>)"	"value results.Result/4.Err{0=dynamic.DecodeError/1{expected=String(\"Bool\"), got=String(\"Null\"), path=[]}}"
"dynamic.Dynamic.as_bool#7(<dynamic: []interface {}>)"	"value results.Result/4.Err{0=dynamic.DecodeError/1{expected=String(\"Bool\"), got=String(\"List\"), path=[]}}"
"dynamic.Dynamic.as_bool#8(<dynamic: map[string]interface {}>)"	"value results.Result/4.Err{0=dynamic.DecodeError/1{expected=String(\"Bool\"), got=String(\"Dict\"), path=[]}}"
"dynamic.Dynamic.as_dict#0(<dynamic: map[string]interface {}>)"	"value results.Result/4.Ok{0={String(\"age\")=>Dynamic(36), String(\"inner\")=>Dynamic(map[string]interface {}{\"n\":7}), String(\"name\")=>Dynamic(\"ada\"), String(\"none\")=>Dynamic(<nil>), String(\"on\")=>Dynamic(true), String(\"pi\")=>Dynamic(3.5), String(\"tags\")=>Dynamic([]interface {}{\"x\", 2})}}"
"dynamic.Dynamic.as_dict#1(<dynamic: string>)"	"value results.Result/4.Err{0=dynamic.DecodeError/1{expected=String(\"Dict\"), got=String(\"String\"), path=[]}}"
"dynamic.Dynamic.as_dict#2(<dynamic: int64>)"	"value results.Result/4.Err{0=dynamic.DecodeError/1{expected=String(\"Dict\"), got=String(\"Int\"), path=[]}}"
"dynamic.Dynamic.as_dict#3(<dynamic: float64>)"	"value results.Result/4.Err{0=dynamic.DecodeError/1{expected=String(\"Dict\"), got=String(\"Float\"), path=[]}}"
"dynamic.Dynamic.as_dict#4(<dynamic: float64>)"	"value results.Result/4.Err{0=dynamic.DecodeError/1{expected=String(\"Dict\"), got=String(\"Float\"), path=[]}}"
"dynamic.Dynamic.as_dict#5(<dynamic: bool>)"	"value results.Result/4.Err{0=dynamic.DecodeError/1{expected=String(\"Dict\"), got=String(\"Bool\"), path=[]}}"
"dynamic.Dynamic.as_dict#6(<dynamic: <nil>>)"	"value results.Result/4.Err{0=dynamic.DecodeError/1{expected=String(\"Dict\"), got=String(\"Null\"), path=[]}}"
"dynamic.Dynamic.as_dict#7(<dynamic: []interface {}>)"	"value results.Result/4.Err{0=dynamic.DecodeError/1{expected=String(\"Dict\"), got=String(\"List\"), path=[]}}"
"dynamic.Dynamic.as_dict#8(<dynamic: map[string]interface {}>)"	"value results.Result/4.Ok{0={}}"
"dynamic.Dynamic.as_float#0(<dynamic: map[string]interface {}>)"	"value results.Result/4.Err{0=dynamic.DecodeError/1{expected=String(\"Float\"), got=String(\"Dict\"), path=[]}}"
"dynamic.Dynamic.as_float#1(<dynamic: string>)"	"value results.Result/4.Err{0=dynamic.DecodeError/1{expected=String(\"Float\"), got=String(\"String\"), path=[]}}"
"dynamic.Dynamic.as_float#2(<dynamic: int64>)"	"value results.Result/4.Ok{0=Float(0xc010000000000000)}"
"dynamic.Dynamic.as_float#3(<dynamic: float64>)"	"value results.Result/4.Ok{0=Float(0x4000000000000000)}"
"dynamic.Dynamic.as_float#4(<dynamic: float64>)"	"value results.Result/4.Ok{0=Float(0x4004000000000000)}"
"dynamic.Dynamic.as_float#5(<dynamic: bool>)"	"value results.Result/4.Err{0=dynamic.DecodeError/1{expected=String(\"Float\"), got=String(\"Bool\"), path=[]}}"
"dynamic.Dynamic.as_float#6(<dynamic: <nil>>)"	"value results.Result/4.Err{0=dynamic.DecodeError/1{expected=String(\"Float\"), got=String(\"Null\"), path=[]}}"
"dynamic.Dynamic.as_float#7(<dynamic: []interface {}>)"	"value results.Result/4.Err{0=dynamic.DecodeError/1{expected=String(\"Float\"), got=String(\"List\"), path=[]}}"
"dynamic.Dynamic.as_float#8(<dynamic: map[string]interface {}>)"	"value results.Result/4.Err{0=dynamic.DecodeError/1{expected=String(\"Float\"), got=String(\"Dict\"), path=[]}}"
"dynamic.Dynamic.as_int#0(<dynamic: map[string]interface {}>)"	"value results.Result/4.Err{0=dynamic.DecodeError/1{expected=String(\"Int\"), got=String(\"Dict\"), path=[]}}"
"dynamic.Dynamic.as_int#1(<dynamic: string>)"	"value results.Result/4.Err{0=dynamic.DecodeError/1{expected=String(\"Int\"), got=String(\"String\"), path=[]}}"
"dynamic.Dynamic.as_int#2(<dynamic: int64>)"	"value results.Result/4.Ok{0=Int(-4)}"
"dynamic.Dynamic.as_int#3(<dynamic: float64>)"	"value results.Result/4.Ok{0=Int(2)}"
"dynamic.Dynamic.as_int#4(<dynamic: float64>)"	"value results.Result/4.Err{0=dynamic.DecodeError/1{expected=String(\"Int\"), got=String(\"Float with fractional part\"), path=[]}}"
"dynamic.Dynamic.as_int#5(<dynamic: bool>)"	"value results.Result/4.Err{0=dynamic.DecodeError/1{expected=String(\"Int\"), got=String(\"Bool\"), path=[]}}"
"dynamic.Dynamic.as_int#6(<dynamic: <nil>>)"	"value results.Result/4.Err{0=dynamic.DecodeError/1{expected=String(\"Int\"), got=String(\"Null\"), path=[]}}"
"dynamic.Dynamic.as_int#7(<dynamic: []interface {}>)"	"value results.Result/4.Err{0=dynamic.DecodeError/1{expected=String(\"Int\"), got=String(\"List\"), path=[]}}"
"dynamic.Dynamic.as_int#8(<dynamic: map[string]interface {}>)"	"value results.Result/4.Err{0=dynamic.DecodeError/1{expected=String(\"Int\"), got=String(\"Dict\"), path=[]}}"
"dynamic.Dynamic.as_list#0(<dynamic: map[string]interface {}>)"	"value results.Result/4.Err{0=dynamic.DecodeError/1{expected=String(\"List\"), got=String(\"Dict\"), path=[]}}"
"dynamic.Dynamic.as_list#1(<dynamic: string>)"	"value results.Result/4.Err{0=dynamic.DecodeError/1{expected=String(\"List\"), got=String(\"String\"), path=[]}}"
"dynamic.Dynamic.as_list#2(<dynamic: int64>)"	"value results.Result/4.Err{0=dynamic.DecodeError/1{expected=String(\"List\"), got=String(\"Int\"), path=[]}}"
"dynamic.Dynamic.as_list#3(<dynamic: float64>)"	"value results.Result/4.Err{0=dynamic.DecodeError/1{expected=String(\"List\"), got=String(\"Float\"), path=[]}}"
"dynamic.Dynamic.as_list#4(<dynamic: float64>)"	"value results.Result/4.Err{0=dynamic.DecodeError/1{expected=String(\"List\"), got=String(\"Float\"), path=[]}}"
"dynamic.Dynamic.as_list#5(<dynamic: bool>)"	"value results.Result/4.Err{0=dynamic.DecodeError/1{expected=String(\"List\"), got=String(\"Bool\"), path=[]}}"
"dynamic.Dynamic.as_list#6(<dynamic: <nil>>)"	"value results.Result/4.Err{0=dynamic.DecodeError/1{expected=String(\"List\"), got=String(\"Null\"), path=[]}}"
"dynamic.Dynamic.as_list#7(<dynamic: []interface {}>)"	"value results.Result/4.Ok{0=[Dynamic(\"a\"), Dynamic(1), Dynamic(<nil>)]}"
"dynamic.Dynamic.as_list#8(<dynamic: map[string]interface {}>)"	"value results.Result/4.Err{0=dynamic.DecodeError/1{expected=String(\"List\"), got=String(\"Dict\"), path=[]}}"
"dynamic.Dynamic.as_string#0(<dynamic: map[string]interface {}>)"	"value results.Result/4.Err{0=dynamic.DecodeError/1{expected=String(\"String\"), got=String(\"Dict\"), path=[]}}"
"dynamic.Dynamic.as_string#1(<dynamic: string>)"	"value results.Result/4.Ok{0=String(\"s\")}"
"dynamic.Dynamic.as_string#2(<dynamic: int64>)"	"value results.Result/4.Err{0=dynamic.DecodeError/1{expected=String(\"String\"), got=String(\"Int\"), path=[]}}"
"dynamic.Dynamic.as_string#3(<dynamic: float64>)"	"value results.Result/4.Err{0=dynamic.DecodeError/1{expected=String(\"String\"), got=String(\"Float\"), path=[]}}"
"dynamic.Dynamic.as_string#4(<dynamic: float64>)"	"value results.Result/4.Err{0=dynamic.DecodeError/1{expected=String(\"String\"), got=String(\"Float\"), path=[]}}"
"dynamic.Dynamic.as_string#5(<dynamic: bool>)"	"value results.Result/4.Err{0=dynamic.DecodeError/1{expected=String(\"String\"), got=String(\"Bool\"), path=[]}}"
"dynamic.Dynamic.as_string#6(<dynamic: <nil>>)"	"value results.Result/4.Err{0=dynamic.DecodeError/1{expected=String(\"String\"), got=String(\"Null\"), path=[]}}"
"dynamic.Dynamic.as_string#7(<dynamic: []interface {}>)"	"value results.Result/4.Err{0=dynamic.DecodeError/1{expected=String(\"String\"), got=String(\"List\"), path=[]}}"
"dynamic.Dynamic.as_string#8(<dynamic: map[string]interface {}>)"	"value results.Result/4.Err{0=dynamic.DecodeError/1{expected=String(\"String\"), got=String(\"Dict\"), path=[]}}"
"dynamic.Dynamic.field#0(<dynamic: map[string]interface {}>, \"name\")"	"value results.Result/4.Ok{0=Dynamic(\"ada\")}"
"dynamic.Dynamic.field#1(<dynamic: map[string]interface {}>, \"missing\")"	"value results.Result/4.Err{0=dynamic.DecodeError/1{expected=String(\"object with field \\\"missing\\\"\"), got=String(\"object without field \\\"missing\\\"\"), path=[dynamic.PathSegment/4.Field{0=String(\"missing\")}]}}"
"dynamic.Dynamic.field#2(<dynamic: map[string]interface {}>, \"none\")"	"value results.Result/4.Ok{0=Dynamic(<nil>)}"
"dynamic.Dynamic.field#3(<dynamic: string>, \"name\")"	"value results.Result/4.Err{0=dynamic.DecodeError/1{expected=String(\"object\"), got=String(\"String\"), path=[dynamic.PathSegment/4.Field{0=String(\"name\")}]}}"
"dynamic.Dynamic.field#4(<dynamic: string>, \"missing\")"	"value results.Result/4.Err{0=dynamic.DecodeError/1{expected=String(\"object\"), got=String(\"String\"), path=[dynamic.PathSegment/4.Field{0=String(\"missing\")}]}}"
"dynamic.Dynamic.field#5(<dynamic: string>, \"none\")"	"value results.Result/4.Err{0=dynamic.DecodeError/1{expected=String(\"object\"), got=String(\"String\"), path=[dynamic.PathSegment/4.Field{0=String(\"none\")}]}}"
"dynamic.Dynamic.field#6(<dynamic: int64>, \"name\")"	"value results.Result/4.Err{0=dynamic.DecodeError/1{expected=String(\"object\"), got=String(\"Int\"), path=[dynamic.PathSegment/4.Field{0=String(\"name\")}]}}"
"dynamic.Dynamic.field#7(<dynamic: int64>, \"missing\")"	"value results.Result/4.Err{0=dynamic.DecodeError/1{expected=String(\"object\"), got=String(\"Int\"), path=[dynamic.PathSegment/4.Field{0=String(\"missing\")}]}}"
"dynamic.Dynamic.field#8(<dynamic: int64>, \"none\")"	"value results.Result/4.Err{0=dynamic.DecodeError/1{expected=String(\"object\"), got=String(\"Int\"), path=[dynamic.PathSegment/4.Field{0=String(\"none\")}]}}"
"dynamic.Dynamic.field#9(<dynamic: float64>, \"name\")"	"value results.Result/4.Err{0=dynamic.DecodeError/1{expected=String(\"object\"), got=String(\"Float\"), path=[dynamic.PathSegment/4.Field{0=String(\"name\")}]}}"
"dynamic.Dynamic.field#10(<dynamic: float64>, \"missing\")"	"value results.Result/4.Err{0=dynamic.DecodeError/1{expected=String(\"object\"), got=String(\"Float\"), path=[dynamic.PathSegment/4.Field{0=String(\"missing\")}]}}"
"dynamic.Dynamic.field#11(<dynamic: float64>, \"none\")"	"value results.Result/4.Err{0=dynamic.DecodeError/1{expected=String(\"object\"), got=String(\"Float\"), path=[dynamic.PathSegment/4.Field{0=String(\"none\")}]}}"
"dynamic.Dynamic.field#12(<dynamic: float64>, \"name\")"	"value results.Result/4.Err{0=dynamic.DecodeError/1{expected=String(\"object\"), got=String(\"Float\"), path=[dynamic.PathSegment/4.Field{0=String(\"name\")}]}}"
"dynamic.Dynamic.field#13(<dynamic: float64>, \"missing\")"	"value results.Result/4.Err{0=dynamic.DecodeError/1{expected=String(\"object\"), got=String(\"Float\"), path=[dynamic.PathSegment/4.Field{0=String(\"missing\")}]}}"
"dynamic.Dynamic.field#14(<dynamic: float64>, \"none\")"	"value results.Result/4.Err{0=dynamic.DecodeError/1{expected=String(\"object\"), got=String(\"Float\"), path=[dynamic.PathSegment/4.Field{0=String(\"none\")}]}}"
"dynamic.Dynamic.field#15(<dynamic: bool>, \"name\")"	"value results.Result/4.Err{0=dynamic.DecodeError/1{expected=String(\"object\"), got=String(\"Bool\"), path=[dynamic.PathSegment/4.Field{0=String(\"name\")}]}}"
"dynamic.Dynamic.field#16(<dynamic: bool>, \"missing\")"	"value results.Result/4.Err{0=dynamic.DecodeError/1{expected=String(\"object\"), got=String(\"Bool\"), path=[dynamic.PathSegment/4.Field{0=String(\"missing\")}]}}"
"dynamic.Dynamic.field#17(<dynamic: bool>, \"none\")"	"value results.Result/4.Err{0=dynamic.DecodeError/1{expected=String(\"object\"), got=String(\"Bool\"), path=[dynamic.PathSegment/4.Field{0=String(\"none\")}]}}"
"dynamic.Dynamic.field#18(<dynamic: <nil>>, \"name\")"	"value results.Result/4.Err{0=dynamic.DecodeError/1{expected=String(\"object\"), got=String(\"Null\"), path=[dynamic.PathSegment/4.Field{0=String(\"name\")}]}}"
"dynamic.Dynamic.field#19(<dynamic: <nil>>, \"missing\")"	"value results.Result/4.Err{0=dynamic.DecodeError/1{expected=String(\"object\"), got=String(\"Null\"), path=[dynamic.PathSegment/4.Field{0=String(\"missing\")}]}}"
"dynamic.Dynamic.field#20(<dynamic: <nil>>, \"none\")"	"value results.Result/4.Err{0=dynamic.DecodeError/1{expected=String(\"object\"), got=String(\"Null\"), path=[dynamic.PathSegment/4.Field{0=String(\"none\")}]}}"
"dynamic.Dynamic.field#21(<dynamic: []interface {}>, \"name\")"	"value results.Result/4.Err{0=dynamic.DecodeError/1{expected=String(\"object\"), got=String(\"List\"), path=[dynamic.PathSegment/4.Field{0=String(\"name\")}]}}"
"dynamic.Dynamic.field#22(<dynamic: []interface {}>, \"missing\")"	"value results.Result/4.Err{0=dynamic.DecodeError/1{expected=String(\"object\"), got=String(\"List\"), path=[dynamic.PathSegment/4.Field{0=String(\"missing\")}]}}"
"dynamic.Dynamic.field#23(<dynamic: []interface {}>, \"none\")"	"value results.Result/4.Err{0=dynamic.DecodeError/1{expected=String(\"object\"), got=String(\"List\"), path=[dynamic.PathSegment/4.Field{0=String(\"none\")}]}}"
"dynamic.Dynamic.field#24(<dynamic: map[string]interface {}>, \"name\")"	"value results.Result/4.Err{0=dynamic.DecodeError/1{expected=String(\"object with field \\\"name\\\"\"), got=String(\"object without field \\\"name\\\"\"), path=[dynamic.PathSegment/4.Field{0=String(\"name\")}]}}"
"dynamic.Dynamic.field#25(<dynamic: map[string]interface {}>, \"missing\")"	"value results.Result/4.Err{0=dynamic.DecodeError/1{expected=String(\"object with field \\\"missing\\\"\"), got=String(\"object without field \\\"missing\\\"\"), path=[dynamic.PathSegment/4.Field{0=String(\"missing\")}]}}"
"dynamic.Dynamic.field#26(<dynamic: map[string]interface {}>, \"none\")"	"value results.Result/4.Err{0=dynamic.DecodeError/1{expected=String(\"object with field \\\"none\\\"\"), got=String(\"object without field \\\"none\\\"\"), path=[dynamic.PathSegment/4.Field{0=String(\"none\")}]}}"
"dynamic.Dynamic.has?#0(<dynamic: map[string]interface {}>, \"name\")"	"value Bool(true)"
"dynamic.Dynamic.has?#1(<dynamic: map[string]interface {}>, \"missing\")"	"value Bool(false)"
"dynamic.Dynamic.has?#2(<dynamic: map[string]interface {}>, \"none\")"	"value Bool(true)"
"dynamic.Dynamic.has?#3(<dynamic: string>, \"name\")"	"value Bool(false)"
"dynamic.Dynamic.has?#4(<dynamic: string>, \"missing\")"	"value Bool(false)"
"dynamic.Dynamic.has?#5(<dynamic: string>, \"none\")"	"value Bool(false)"
"dynamic.Dynamic.has?#6(<dynamic: int64>, \"name\")"	"value Bool(false)"
"dynamic.Dynamic.has?#7(<dynamic: int64>, \"missing\")"	"value Bool(false)"
"dynamic.Dynamic.has?#8(<dynamic: int64>, \"none\")"	"value Bool(false)"
"dynamic.Dynamic.has?#9(<dynamic: float64>, \"name\")"	"value Bool(false)"
"dynamic.Dynamic.has?#10(<dynamic: float64>, \"missing\")"	"value Bool(false)"
"dynamic.Dynamic.has?#11(<dynamic: float64>, \"none\")"	"value Bool(false)"
"dynamic.Dynamic.has?#12(<dynamic: float64>, \"name\")"	"value Bool(false)"
"dynamic.Dynamic.has?#13(<dynamic: float64>, \"missing\")"	"value Bool(false)"
"dynamic.Dynamic.has?#14(<dynamic: float64>, \"none\")"	"value Bool(false)"
"dynamic.Dynamic.has?#15(<dynamic: bool>, \"name\")"	"value Bool(false)"
"dynamic.Dynamic.has?#16(<dynamic: bool>, \"missing\")"	"value Bool(false)"
"dynamic.Dynamic.has?#17(<dynamic: bool>, \"none\")"	"value Bool(false)"
"dynamic.Dynamic.has?#18(<dynamic: <nil>>, \"name\")"	"value Bool(false)"
"dynamic.Dynamic.has?#19(<dynamic: <nil>>, \"missing\")"	"value Bool(false)"
"dynamic.Dynamic.has?#20(<dynamic: <nil>>, \"none\")"	"value Bool(false)"
"dynamic.Dynamic.has?#21(<dynamic: []interface {}>, \"name\")"	"value Bool(false)"
"dynamic.Dynamic.has?#22(<dynamic: []interface {}>, \"missing\")"	"value Bool(false)"
"dynamic.Dynamic.has?#23(<dynamic: []interface {}>, \"none\")"	"value Bool(false)"
"dynamic.Dynamic.has?#24(<dynamic: map[string]interface {}>, \"name\")"	"value Bool(false)"
"dynamic.Dynamic.has?#25(<dynamic: map[string]interface {}>, \"missing\")"	"value Bool(false)"
"dynamic.Dynamic.has?#26(<dynamic: map[string]interface {}>, \"none\")"	"value Bool(false)"
"dynamic.Dynamic.index#0(<dynamic: map[string]interface {}>, 0)"	"value results.Result/4.Err{0=dynamic.DecodeError/1{expected=String(\"list\"), got=String(\"Dict\"), path=[dynamic.PathSegment/4.Index{0=Int(0)}]}}"
"dynamic.Dynamic.index#1(<dynamic: map[string]interface {}>, 2)"	"value results.Result/4.Err{0=dynamic.DecodeError/1{expected=String(\"list\"), got=String(\"Dict\"), path=[dynamic.PathSegment/4.Index{0=Int(2)}]}}"
"dynamic.Dynamic.index#2(<dynamic: map[string]interface {}>, 5)"	"value results.Result/4.Err{0=dynamic.DecodeError/1{expected=String(\"list\"), got=String(\"Dict\"), path=[dynamic.PathSegment/4.Index{0=Int(5)}]}}"
"dynamic.Dynamic.index#3(<dynamic: map[string]interface {}>, -1)"	"value results.Result/4.Err{0=dynamic.DecodeError/1{expected=String(\"list\"), got=String(\"Dict\"), path=[dynamic.PathSegment/4.Index{0=Int(-1)}]}}"
"dynamic.Dynamic.index#4(<dynamic: string>, 0)"	"value results.Result/4.Err{0=dynamic.DecodeError/1{expected=String(\"list\"), got=String(\"String\"), path=[dynamic.PathSegment/4.Index{0=Int(0)}]}}"
"dynamic.Dynamic.index#5(<dynamic: string>, 2)"	"value results.Result/4.Err{0=dynamic.DecodeError/1{expected=String(\"list\"), got=String(\"String\"), path=[dynamic.PathSegment/4.Index{0=Int(2)}]}}"
"dynamic.Dynamic.index#6(<dynamic: string>, 5)"	"value results.Result/4.Err{0=dynamic.DecodeError/1{expected=String(\"list\"), got=String(\"String\"), path=[dynamic.PathSegment/4.Index{0=Int(5)}]}}"
"dynamic.Dynamic.index#7(<dynamic: string>, -1)"	"value results.Result/4.Err{0=dynamic.DecodeError/1{expected=String(\"list\"), got=String(\"String\"), path=[dynamic.PathSegment/4.Index{0=Int(-1)}]}}"
"dynamic.Dynamic.index#8(<dynamic: int64>, 0)"	"value results.Result/4.Err{0=dynamic.DecodeError/1{expected=String(\"list\"), got=String(\"Int\"), path=[dynamic.PathSegment/4.Index{0=Int(0)}]}}"
"dynamic.Dynamic.index#9(<dynamic: int64>, 2)"	"value results.Result/4.Err{0=dynamic.DecodeError/1{expected=String(\"list\"), got=String(\"Int\"), path=[dynamic.PathSegment/4.Index{0=Int(2)}]}}"
"dynamic.Dynamic.index#10(<dynamic: int64>, 5)"	"value results.Result/4.Err{0=dynamic.DecodeError/1{expected=String(\"list\"), got=String(\"Int\"), path=[dynamic.PathSegment/4.Index{0=Int(5)}]}}"
"dynamic.Dynamic.index#11(<dynamic: int64>, -1)"	"value results.Result/4.Err{0=dynamic.DecodeError/1{expected=String(\"list\"), got=String(\"Int\"), path=[dynamic.PathSegment/4.Index{0=Int(-1)}]}}"
"dynamic.Dynamic.index#12(<dynamic: float64>, 0)"	"value results.Result/4.Err{0=dynamic.DecodeError/1{expected=String(\"list\"), got=String(\"Float\"), path=[dynamic.PathSegment/4.Index{0=Int(0)}]}}"
"dynamic.Dynamic.index#13(<dynamic: float64>, 2)"	"value results.Result/4.Err{0=dynamic.DecodeError/1{expected=String(\"list\"), got=String(\"Float\"), path=[dynamic.PathSegment/4.Index{0=Int(2)}]}}"
"dynamic.Dynamic.index#14(<dynamic: float64>, 5)"	"value results.Result/4.Err{0=dynamic.DecodeError/1{expected=String(\"list\"), got=String(\"Float\"), path=[dynamic.PathSegment/4.Index{0=Int(5)}]}}"
"dynamic.Dynamic.index#15(<dynamic: float64>, -1)"	"value results.Result/4.Err{0=dynamic.DecodeError/1{expected=String(\"list\"), got=String(\"Float\"), path=[dynamic.PathSegment/4.Index{0=Int(-1)}]}}"
"dynamic.Dynamic.index#16(<dynamic: float64>, 0)"	"value results.Result/4.Err{0=dynamic.DecodeError/1{expected=String(\"list\"), got=String(\"Float\"), path=[dynamic.PathSegment/4.Index{0=Int(0)}]}}"
"dynamic.Dynamic.index#17(<dynamic: float64>, 2)"	"value results.Result/4.Err{0=dynamic.DecodeError/1{expected=String(\"list\"), got=String(\"Float\"), path=[dynamic.PathSegment/4.Index{0=Int(2)}]}}"
"dynamic.Dynamic.index#18(<dynamic: float64>, 5)"	"value results.Result/4.Err{0=dynamic.DecodeError/1{expected=String(\"list\"), got=String(\"Float\"), path=[dynamic.PathSegment/4.Index{0=Int(5)}]}}"
"dynamic.Dynamic.index#19(<dynamic: float64>, -1)"	"value results.Result/4.Err{0=dynamic.DecodeError/1{expected=String(\"list\"), got=String(\"Float\"), path=[dynamic.PathSegment/4.Index{0=Int(-1)}]}}"
"dynamic.Dynamic.index#20(<dynamic: bool>, 0)"	"value results.Result/4.Err{0=dynamic.DecodeError/1{expected=String(\"list\"), got=String(\"Bool\"), path=[dynamic.PathSegment/4.Index{0=Int(0)}]}}"
"dynamic.Dynamic.index#21(<dynamic: bool>, 2)"	"value results.Result/4.Err{0=dynamic.DecodeError/1{expected=String(\"list\"), got=String(\"Bool\"), path=[dynamic.PathSegment/4.Index{0=Int(2)}]}}"
"dynamic.Dynamic.index#22(<dynamic: bool>, 5)"	"value results.Result/4.Err{0=dynamic.DecodeError/1{expected=String(\"list\"), got=String(\"Bool\"), path=[dynamic.PathSegment/4.Index{0=Int(5)}]}}"
"dynamic.Dynamic.index#23(<dynamic: bool>, -1)"	"value results.Result/4.Err{0=dynamic.DecodeError/1{expected=String(\"list\"), got=String(\"Bool\"), path=[dynamic.PathSegment/4.Index{0=Int(-1)}]}}"
"dynamic.Dynamic.index#24(<dynamic: <nil>>, 0)"	"value results.Result/4.Err{0=dynamic.DecodeError/1{expected=String(\"list\"), got=String(\"Null\"), path=[dynamic.PathSegment/4.Index{0=Int(0)}]}}"
"dynamic.Dynamic.index#25(<dynamic: <nil>>, 2)"	"value results.Result/4.Err{0=dynamic.DecodeError/1{expected=String(\"list\"), got=String(\"Null\"), path=[dynamic.PathSegment/4.Index{0=Int(2)}]}}"
"dynamic.Dynamic.index#26(<dynamic: <nil>>, 5)"	"value results.Result/4.Err{0=dynamic.DecodeError/1{expected=String(\"list\"), got=String(\"Null\"), path=[dynamic.PathSegment/4.Index{0=Int(5)}]}}"
"dynamic.Dynamic.index#27(<dynamic: <nil>>, -1)"	"value results.Result/4.Err{0=dynamic.DecodeError/1{expected=String(\"list\"), got=String(\"Null\"), path=[dynamic.PathSegment/4.Index{0=Int(-1)}]}}"
"dynamic.Dynamic.index#28(<dynamic: []interface {}>, 0)"	"value results.Result/4.Ok{0=Dynamic(\"a\")}"
"dynamic.Dynamic.index#29(<dynamic: []interface {}>, 2)"	"value results.Result/4.Ok{0=Dynamic(<nil>)}"
"dynamic.Dynamic.index#30(<dynamic: []interface {}>, 5)"	"value results.Result/4.Err{0=dynamic.DecodeError/1{expected=String(\"list with at least 6 elements\"), got=String(\"list with 3 elements\"), path=[dynamic.PathSegment/4.Index{0=Int(5)}]}}"
"dynamic.Dynamic.index#31(<dynamic: []interface {}>, -1)"	"value results.Result/4.Err{0=dynamic.DecodeError/1{expected=String(\"list with at least 0 elements\"), got=String(\"list with 3 elements\"), path=[dynamic.PathSegment/4.Index{0=Int(-1)}]}}"
"dynamic.Dynamic.index#32(<dynamic: map[string]interface {}>, 0)"	"value results.Result/4.Err{0=dynamic.DecodeError/1{expected=String(\"list\"), got=String(\"Dict\"), path=[dynamic.PathSegment/4.Index{0=Int(0)}]}}"
"dynamic.Dynamic.index#33(<dynamic: map[string]interface {}>, 2)"	"value results.Result/4.Err{0=dynamic.DecodeError/1{expected=String(\"list\"), got=String(\"Dict\"), path=[dynamic.PathSegment/4.Index{0=Int(2)}]}}"
"dynamic.Dynamic.index#34(<dynamic: map[string]interface {}>, 5)"	"value results.Result/4.Err{0=dynamic.DecodeError/1{expected=String(\"list\"), got=String(\"Dict\"), path=[dynamic.PathSegment/4.Index{0=Int(5)}]}}"
"dynamic.Dynamic.index#35(<dynamic: map[string]interface {}>, -1)"	"value results.Result/4.Err{0=dynamic.DecodeError/1{expected=String(\"list\"), got=String(\"Dict\"), path=[dynamic.PathSegment/4.Index{0=Int(-1)}]}}"
"dynamic.Dynamic.inspect#0(<dynamic: map[string]interface {}>)"	"value String(\"{\\\"age\\\": 36, \\\"inner\\\": {\\\"n\\\": 7}, \\\"name\\\": \\\"ada\\\", \\\"none\\\": null, \\\"on\\\": true, \\\"pi\\\": 3.5, \\\"tags\\\": [\\\"x\\\", 2]}\")"
"dynamic.Dynamic.inspect#1(<dynamic: string>)"	"value String(\"\\\"s\\\"\")"
"dynamic.Dynamic.inspect#2(<dynamic: int64>)"	"value String(\"-4\")"
"dynamic.Dynamic.inspect#3(<dynamic: float64>)"	"value String(\"2\")"
"dynamic.Dynamic.inspect#4(<dynamic: float64>)"	"value String(\"2.5\")"
"dynamic.Dynamic.inspect#5(<dynamic: bool>)"	"value String(\"false\")"
"dynamic.Dynamic.inspect#6(<dynamic: <nil>>)"	"value String(\"null\")"
"dynamic.Dynamic.inspect#7(<dynamic: []interface {}>)"	"value String(\"[\\\"a\\\", 1, null]\")"
"dynamic.Dynamic.inspect#8(<dynamic: map[string]interface {}>)"	"value String(\"{}\")"
"dynamic.Dynamic.null?#0(<dynamic: map[string]interface {}>)"	"value Bool(false)"
"dynamic.Dynamic.null?#1(<dynamic: string>)"	"value Bool(false)"
"dynamic.Dynamic.null?#2(<dynamic: int64>)"	"value Bool(false)"
"dynamic.Dynamic.null?#3(<dynamic: float64>)"	"value Bool(false)"
"dynamic.Dynamic.null?#4(<dynamic: float64>)"	"value Bool(false)"
"dynamic.Dynamic.null?#5(<dynamic: bool>)"	"value Bool(false)"
"dynamic.Dynamic.null?#6(<dynamic: <nil>>)"	"value Bool(true)"
"dynamic.Dynamic.null?#7(<dynamic: []interface {}>)"	"value Bool(false)"
"dynamic.Dynamic.null?#8(<dynamic: map[string]interface {}>)"	"value Bool(false)"
"dynamic.Dynamic.path#0(<dynamic: map[string]interface {}>, \"inner.n\")"	"value results.Result/4.Ok{0=Dynamic(7)}"
"dynamic.Dynamic.path#1(<dynamic: map[string]interface {}>, \"name\")"	"value results.Result/4.Ok{0=Dynamic(\"ada\")}"
"dynamic.Dynamic.path#2(<dynamic: map[string]interface {}>, \"inner.missing\")"	"value results.Result/4.Err{0=dynamic.DecodeError/1{expected=String(\"object with field \\\"missing\\\"\"), got=String(\"object without field \\\"missing\\\"\"), path=[dynamic.PathSegment/4.Field{0=String(\"missing\")}]}}"
"dynamic.Dynamic.path#3(<dynamic: map[string]interface {}>, \"\")"	"value results.Result/4.Err{0=dynamic.DecodeError/1{expected=String(\"non-empty dotted path\"), got=String(\"empty string\"), path=[]}}"
"dynamic.Dynamic.path#4(<dynamic: map[string]interface {}>, \"tags.0\")"	"value results.Result/4.Err{0=dynamic.DecodeError/1{expected=String(\"object\"), got=String(\"List\"), path=[dynamic.PathSegment/4.Field{0=String(\"0\")}]}}"
"dynamic.Dynamic.path#5(<dynamic: string>, \"inner.n\")"	"value results.Result/4.Err{0=dynamic.DecodeError/1{expected=String(\"object\"), got=String(\"String\"), path=[dynamic.PathSegment/4.Field{0=String(\"inner\")}]}}"
"dynamic.Dynamic.path#6(<dynamic: string>, \"name\")"	"value results.Result/4.Err{0=dynamic.DecodeError/1{expected=String(\"object\"), got=String(\"String\"), path=[dynamic.PathSegment/4.Field{0=String(\"name\")}]}}"
"dynamic.Dynamic.path#7(<dynamic: string>, \"inner.missing\")"	"value results.Result/4.Err{0=dynamic.DecodeError/1{expected=String(\"object\"), got=String(\"String\"), path=[dynamic.PathSegment/4.Field{0=String(\"inner\")}]}}"
"dynamic.Dynamic.path#8(<dynamic: string>, \"\")"	"value results.Result/4.Err{0=dynamic.DecodeError/1{expected=String(\"non-empty dotted path\"), got=String(\"empty string\"), path=[]}}"
"dynamic.Dynamic.path#9(<dynamic: string>, \"tags.0\")"	"value results.Result/4.Err{0=dynamic.DecodeError/1{expected=String(\"object\"), got=String(\"String\"), path=[dynamic.PathSegment/4.Field{0=String(\"tags\")}]}}"
"dynamic.Dynamic.path#10(<dynamic: int64>, \"inner.n\")"	"value results.Result/4.Err{0=dynamic.DecodeError/1{expected=String(\"object\"), got=String(\"Int\"), path=[dynamic.PathSegment/4.Field{0=String(\"inner\")}]}}"
"dynamic.Dynamic.path#11(<dynamic: int64>, \"name\")"	"value results.Result/4.Err{0=dynamic.DecodeError/1{expected=String(\"object\"), got=String(\"Int\"), path=[dynamic.PathSegment/4.Field{0=String(\"name\")}]}}"
"dynamic.Dynamic.path#12(<dynamic: int64>, \"inner.missing\")"	"value results.Result/4.Err{0=dynamic.DecodeError/1{expected=String(\"object\"), got=String(\"Int\"), path=[dynamic.PathSegment/4.Field{0=String(\"inner\")}]}}"
"dynamic.Dynamic.path#13(<dynamic: int64>, \"\")"	"value results.Result/4.Err{0=dynamic.DecodeError/1{expected=String(\"non-empty dotted path\"), got=String(\"empty string\"), path=[]}}"
"dynamic.Dynamic.path#14(<dynamic: int64>, \"tags.0\")"	"value results.Result/4.Err{0=dynamic.DecodeError/1{expected=String(\"object\"), got=String(\"Int\"), path=[dynamic.PathSegment/4.Field{0=String(\"tags\")}]}}"
"dynamic.Dynamic.path#15(<dynamic: float64>, \"inner.n\")"	"value results.Result/4.Err{0=dynamic.DecodeError/1{expected=String(\"object\"), got=String(\"Float\"), path=[dynamic.PathSegment/4.Field{0=String(\"inner\")}]}}"
"dynamic.Dynamic.path#16(<dynamic: float64>, \"name\")"	"value results.Result/4.Err{0=dynamic.DecodeError/1{expected=String(\"object\"), got=String(\"Float\"), path=[dynamic.PathSegment/4.Field{0=String(\"name\")}]}}"
"dynamic.Dynamic.path#17(<dynamic: float64>, \"inner.missing\")"	"value results.Result/4.Err{0=dynamic.DecodeError/1{expected=String(\"object\"), got=String(\"Float\"), path=[dynamic.PathSegment/4.Field{0=String(\"inner\")}]}}"
"dynamic.Dynamic.path#18(<dynamic: float64>, \"\")"	"value results.Result/4.Err{0=dynamic.DecodeError/1{expected=String(\"non-empty dotted path\"), got=String(\"empty string\"), path=[]}}"
"dynamic.Dynamic.path#19(<dynamic: float64>, \"tags.0\")"	"value results.Result/4.Err{0=dynamic.DecodeError/1{expected=String(\"object\"), got=String(\"Float\"), path=[dynamic.PathSegment/4.Field{0=String(\"tags\")}]}}"
"dynamic.Dynamic.path#20(<dynamic: float64>, \"inner.n\")"	"value results.Result/4.Err{0=dynamic.DecodeError/1{expected=String(\"object\"), got=String(\"Float\"), path=[dynamic.PathSegment/4.Field{0=String(\"inner\")}]}}"
"dynamic.Dynamic.path#21(<dynamic: float64>, \"name\")"	"value results.Result/4.Err{0=dynamic.DecodeError/1{expected=String(\"object\"), got=String(\"Float\"), path=[dynamic.PathSegment/4.Field{0=String(\"name\")}]}}"
"dynamic.Dynamic.path#22(<dynamic: float64>, \"inner.missing\")"	"value results.Result/4.Err{0=dynamic.DecodeError/1{expected=String(\"object\"), got=String(\"Float\"), path=[dynamic.PathSegment/4.Field{0=String(\"inner\")}]}}"
"dynamic.Dynamic.path#23(<dynamic: float64>, \"\")"	"value results.Result/4.Err{0=dynamic.DecodeError/1{expected=String(\"non-empty dotted path\"), got=String(\"empty string\"), path=[]}}"
"dynamic.Dynamic.path#24(<dynamic: float64>, \"tags.0\")"	"value results.Result/4.Err{0=dynamic.DecodeError/1{expected=String(\"object\"), got=String(\"Float\"), path=[dynamic.PathSegment/4.Field{0=String(\"tags\")}]}}"
"dynamic.Dynamic.path#25(<dynamic: bool>, \"inner.n\")"	"value results.Result/4.Err{0=dynamic.DecodeError/1{expected=String(\"object\"), got=String(\"Bool\"), path=[dynamic.PathSegment/4.Field{0=String(\"inner\")}]}}"
"dynamic.Dynamic.path#26(<dynamic: bool>, \"name\")"	"value results.Result/4.Err{0=dynamic.DecodeError/1{expected=String(\"object\"), got=String(\"Bool\"), path=[dynamic.PathSegment/4.Field{0=String(\"name\")}]}}"
"dynamic.Dynamic.path#27(<dynamic: bool>, \"inner.missing\")"	"value results.Result/4.Err{0=dynamic.DecodeError/1{expected=String(\"object\"), got=String(\"Bool\"), path=[dynamic.PathSegment/4.Field{0=String(\"inner\")}]}}"
"dynamic.Dynamic.path#28(<dynamic: bool>, \"\")"	"value results.Result/4.Err{0=dynamic.DecodeError/1{expected=String(\"non-empty dotted path\"), got=String(\"empty string\"), path=[]}}"
"dynamic.Dynamic.path#29(<dynamic: bool>, \"tags.0\")"	"value results.Result/4.Err{0=dynamic.DecodeError/1{expected=String(\"object\"), got=String(\"Bool\"), path=[dynamic.PathSegment/4.Field{0=String(\"tags\")}]}}"
"dynamic.Dynamic.path#30(<dynamic: <nil>>, \"inner.n\")"	"value results.Result/4.Err{0=dynamic.DecodeError/1{expected=String(\"object\"), got=String(\"Null\"), path=[dynamic.PathSegment/4.Field{0=String(\"inner\")}]}}"
"dynamic.Dynamic.path#31(<dynamic: <nil>>, \"name\")"	"value results.Result/4.Err{0=dynamic.DecodeError/1{expected=String(\"object\"), got=String(\"Null\"), path=[dynamic.PathSegment/4.Field{0=String(\"name\")}]}}"
"dynamic.Dynamic.path#32(<dynamic: <nil>>, \"inner.missing\")"	"value results.Result/4.Err{0=dynamic.DecodeError/1{expected=String(\"object\"), got=String(\"Null\"), path=[dynamic.PathSegment/4.Field{0=String(\"inner\")}]}}"
"dynamic.Dynamic.path#33(<dynamic: <nil>>, \"\")"	"value results.Result/4.Err{0=dynamic.DecodeError/1{expected=String(\"non-empty dotted path\"), got=String(\"empty string\"), path=[]}}"
"dynamic.Dynamic.path#34(<dynamic: <nil>>, \"tags.0\")"	"value results.Result/4.Err{0=dynamic.DecodeError/1{expected=String(\"object\"), got=String(\"Null\"), path=[dynamic.PathSegment/4.Field{0=String(\"tags\")}]}}"
"dynamic.Dynamic.path#35(<dynamic: []interface {}>, \"inner.n\")"	"value results.Result/4.Err{0=dynamic.DecodeError/1{expected=String(\"object\"), got=String(\"List\"), path=[dynamic.PathSegment/4.Field{0=String(\"inner\")}]}}"
"dynamic.Dynamic.path#36(<dynamic: []interface {}>, \"name\")"	"value results.Result/4.Err{0=dynamic.DecodeError/1{expected=String(\"object\"), got=String(\"List\"), path=[dynamic.PathSegment/4.Field{0=String(\"name\")}]}}"
"dynamic.Dynamic.path#37(<dynamic: []interface {}>, \"inner.missing\")"	"value results.Result/4.Err{0=dynamic.DecodeError/1{expected=String(\"object\"), got=String(\"List\"), path=[dynamic.PathSegment/4.Field{0=String(\"inner\")}]}}"
"dynamic.Dynamic.path#38(<dynamic: []interface {}>, \"\")"	"value results.Result/4.Err{0=dynamic.DecodeError/1{expected=String(\"non-empty dotted path\"), got=String(\"empty string\"), path=[]}}"
"dynamic.Dynamic.path#39(<dynamic: []interface {}>, \"tags.0\")"	"value results.Result/4.Err{0=dynamic.DecodeError/1{expected=String(\"object\"), got=String(\"List\"), path=[dynamic.PathSegment/4.Field{0=String(\"tags\")}]}}"
"dynamic.Dynamic.path#40(<dynamic: map[string]interface {}>, \"inner.n\")"	"value results.Result/4.Err{0=dynamic.DecodeError/1{expected=String(\"object with field \\\"inner\\\"\"), got=String(\"object without field \\\"inner\\\"\"), path=[dynamic.PathSegment/4.Field{0=String(\"inner\")}]}}"
"dynamic.Dynamic.path#41(<dynamic: map[string]interface {}>, \"name\")"	"value results.Result/4.Err{0=dynamic.DecodeError/1{expected=String(\"object with field \\\"name\\\"\"), got=String(\"object without field \\\"name\\\"\"), path=[dynamic.PathSegment/4.Field{0=String(\"name\")}]}}"
"dynamic.Dynamic.path#42(<dynamic: map[string]interface {}>, \"inner.missing\")"	"value results.Result/4.Err{0=dynamic.DecodeError/1{expected=String(\"object with field \\\"inner\\\"\"), got=String(\"object without field \\\"inner\\\"\"), path=[dynamic.PathSegment/4.Field{0=String(\"inner\")}]}}"
"dynamic.Dynamic.path#43(<dynamic: map[string]interface {}>, \"\")"	"value results.Result/4.Err{0=dynamic.DecodeError/1{expected=String(\"non-empty dotted path\"), got=String(\"empty string\"), path=[]}}"
"dynamic.Dynamic.path#44(<dynamic: map[string]interface {}>, \"tags.0\")"	"value results.Result/4.Err{0=dynamic.DecodeError/1{expected=String(\"object with field \\\"tags\\\"\"), got=String(\"object without field \\\"tags\\\"\"), path=[dynamic.PathSegment/4.Field{0=String(\"tags\")}]}}"
"int.Int.shift_left#0(1, 3)"	"value Int(8)"
"int.Int.shift_left#1(1, 63)"	"value Int(-9223372036854775808)"
"int.Int.shift_left#2(1, 64)"	"value Int(0)"
"int.Int.shift_left#3(-8, 1)"	"value Int(-16)"
"int.Int.shift_left#4(1, -1)"	"fault Int.shift_left: negative shift count -1"
"int.Int.shift_right#0(8, 3)"	"value Int(1)"
"int.Int.shift_right#1(-8, 1)"	"value Int(-4)"
"int.Int.shift_right#2(1, 64)"	"value Int(0)"
"int.Int.shift_right#3(1, -1)"	"fault Int.shift_right: negative shift count -1"
"io.read_file#0(\"<dir>/in.txt\")"	"value results.Result/4.Ok{0=String(\"read me\")}"
"io.read_file#1(\"<dir>/missing.txt\")"	"value results.Result/4.Err{0=io.IOError/4.NotFound{path=String(\"<dir>/missing.txt\")}}"
"io.read_file#2(\"<dir>\")"	"value results.Result/4.Err{0=io.IOError/4.Other{reason=String(\"read <dir>: is a directory\")}}"
"io.write_file#0(\"<dir>/out.txt\", \"written\")"	"value results.Result/4.Ok{0=Unit}"
"io.write_file#1(\"<dir>/no/such/dir.txt\", \"x\")"	"value results.Result/4.Err{0=io.IOError/4.Other{reason=String(\"open <dir>/no/such/dir.txt: no such file or directory\")}}"
"json.Json.to_dynamic#0(Obj({\"a\" => Arr([Int(1), Float(2.5), String(\"x\"), Bool(True), Null]), \"b\" => Obj({=>})}))"	"value Dynamic(map[string]interface {}{\"a\":[]interface {}{1, 2.5, \"x\", true, interface {}(nil)}, \"b\":map[string]interface {}{}})"
"json.Json.to_dynamic#1(Null)"	"value Dynamic(<nil>)"
"json.Json.to_dynamic#2(String(\"s\"))"	"value Dynamic(\"s\")"
"json.Json.to_dynamic#3(Int(-3))"	"value Dynamic(-3)"
"json.Json.to_dynamic#4(Arr([]))"	"value Dynamic([]interface {}{})"
"strings.String.normalize#0(\"é\", NFC)"	"value String(\"é\")"
"strings.String.normalize#1(\"é\", NFD)"	"value String(\"é\")"
"strings.String.normalize#2(\"é\", NFKC)"	"value String(\"é\")"
"strings.String.normalize#3(\"é\", NFKD)"	"value String(\"é\")"
"strings.String.normalize#4(\"é\", NFC)"	"value String(\"é\")"
"strings.String.normalize#5(\"é\", NFD)"	"value String(\"é\")"
"strings.String.normalize#6(\"é\", NFKC)"	"value String(\"é\")"
"strings.String.normalize#7(\"é\", NFKD)"	"value String(\"é\")"
"strings.String.normalize#8(\"ﬁ\", NFC)"	"value String(\"ﬁ\")"
"strings.String.normalize#9(\"ﬁ\", NFD)"	"value String(\"ﬁ\")"
"strings.String.normalize#10(\"ﬁ\", NFKC)"	"value String(\"fi\")"
"strings.String.normalize#11(\"ﬁ\", NFKD)"	"value String(\"fi\")"
"strings.String.normalize#12(\"plain\", NFC)"	"value String(\"plain\")"
"strings.String.normalize#13(\"plain\", NFD)"	"value String(\"plain\")"
"strings.String.normalize#14(\"plain\", NFKC)"	"value String(\"plain\")"
"strings.String.normalize#15(\"plain\", NFKD)"	"value String(\"plain\")"
"strings.String.repeat#0(\"ab\", 3)"	"value String(\"ababab\")"
"strings.String.repeat#1(\"x\", 0)"	"value String(\"\")"
"strings.String.repeat#2(\"é\", 2)"	"value String(\"éé\")"
"strings.String.repeat#3(\"x\", -1)"	"fault strings.String.repeat: negative count -1"
